(types.DomainResponse) {
  Domain: (*string)((len=14) "duckduckgo.com"),
  ID: <redacted>,
  ParentDomain: (string) ""
}
